// Vitest Snapshot v1, https://vitest.dev/guide/snapshot.html

exports[`scrape.extractClinVarData > matches the pinned scraped-content shape (no regression) 1`] = `
{
  "name": "NM_001200.4(BMP2):c.178A>C (p.Met60Leu)",
  "row": [
    {
      "eval_date": "Jun 30, 2024",
      "interp": "Uncertain significance",
      "review": "criteria provided, single submitter",
      "scv": "SCV005831843.1",
      "section": "germline",
      "subm_date": "Feb 25, 2025",
      "submitter": "Labcorp Genetics
                                                (formerly Invitae), Labcorp",
      "submitter_id": "500031",
    },
    {
      "eval_date": "Oct 08, 2018",
      "interp": "Uncertain significance",
      "review": "no assertion criteria provided",
      "scv": "SCV000853300.2",
      "section": "germline",
      "subm_date": "Jan 26, 2019",
      "submitter": "Center for
                                                Statistical Genetics, Columbia University",
      "submitter_id": "505853",
    },
    {
      "eval_date": "-",
      "interp": "Uncertain significance",
      "review": "no assertion criteria provided",
      "scv": "SCV001439095.1",
      "section": "germline",
      "subm_date": "Oct 25, 2020",
      "submitter": "University of
                                                Washington Center for Mendelian Genomics, University of Washington",
      "submitter_id": "505516",
    },
  ],
  "variation_id": "590935",
  "vcv": "VCV000590935.4",
  "vcv_eval_date": "Jun 30, 2024",
  "vcv_interp": "Uncertain significance",
  "vcv_most_recent": "Feb 25, 2025",
  "vcv_review": "criteria provided, single submitter",
}
`;

exports[`scrape.extractClinVarData — all three SCV sections (variation 73058) > matches the pinned multi-section scraped-content shape 1`] = `
{
  "name": "NM_002524.5(NRAS):c.181C>A (p.Gln61Lys)",
  "row": [
    {
      "eval_date": "Jan 29, 2018",
      "interp": "Uncertain significance",
      "review": "criteria provided, single submitter",
      "scv": "SCV000824885.2",
      "section": "germline",
      "subm_date": "Oct 10, 2018",
      "submitter": "Labcorp Genetics (formerly Invitae), Labcorp",
      "submitter_id": "500031",
    },
    {
      "eval_date": "Jan 01, 2023",
      "interp": "Pathogenic",
      "review": "criteria provided, single submitter",
      "scv": "SCV006279547.1",
      "section": "germline",
      "subm_date": "Jul 19, 2025",
      "submitter": "Clinical Laboratory Sciences Program (CLSP), King Saud bin Abdulaziz University for Health Sciences (KSAU-HS)",
      "submitter_id": "508930",
    },
    {
      "eval_date": "Apr 22, 2025",
      "interp": "Likely pathogenic",
      "review": "criteria provided, single submitter",
      "scv": "SCV006304917.1",
      "section": "germline",
      "subm_date": "Aug 16, 2025",
      "submitter": "Department of Clinical Genetics, Copenhagen University Hospital, Rigshospitalet",
      "submitter_id": "1147",
    },
    {
      "eval_date": "Sep 01, 2018",
      "interp": "Pathogenic",
      "review": "criteria provided, single submitter",
      "scv": "SCV001249621.39",
      "section": "germline",
      "subm_date": "Jul 27, 2026",
      "submitter": "CeGaT Center for Human Genetics Tuebingen",
      "submitter_id": "505870",
    },
    {
      "eval_date": "May 21, 2020",
      "interp": "Pathogenic",
      "review": "criteria provided, single submitter",
      "scv": "SCV002769261.1",
      "section": "germline",
      "subm_date": "Dec 24, 2022",
      "submitter": "Victorian Clinical Genetics Services, Murdoch Childrens Research Institute",
      "submitter_id": "500104",
    },
    {
      "eval_date": "Sep 01, 2013",
      "interp": "Pathogenic",
      "review": "no assertion criteria provided",
      "scv": "SCV000148629.4",
      "section": "germline",
      "subm_date": "Jun 06, 2026",
      "submitter": "OMIM",
      "submitter_id": "3",
    },
    {
      "eval_date": "Sep 01, 2013",
      "interp": "Pathogenic",
      "review": "no assertion criteria provided",
      "scv": "SCV000191991.3",
      "section": "germline",
      "subm_date": "Jun 06, 2026",
      "submitter": "OMIM",
      "submitter_id": "3",
    },
    {
      "eval_date": "Nov 27, 2017",
      "interp": "drug response",
      "review": "no assertion criteria provided",
      "scv": "SCV000734846.1",
      "section": "germline",
      "subm_date": "May 06, 2018",
      "submitter": "Oxford Haemato-Oncology Service, Oxford University Hospitals NHS Foundation Trust",
      "submitter_id": "506072",
    },
    {
      "eval_date": "Feb 19, 2015",
      "interp": "Likely pathogenic",
      "review": "no assertion criteria provided",
      "scv": "SCV000784595.1",
      "section": "germline",
      "subm_date": "Jul 14, 2018",
      "submitter": "Yale Center for Mendelian Genomics, Yale University",
      "submitter_id": "506150",
    },
    {
      "eval_date": "Jul 11, 2023",
      "interp": "Tier I (Strong) - Diagnostic - supports diagnosis",
      "review": "criteria provided, single submitter",
      "scv": "SCV007104961.1",
      "section": "somatic-clinical-impact",
      "subm_date": "Nov 22, 2025",
      "submitter": "
                                                    Institute for Genomic Medicine (IGM) Clinical Laboratory, Nationwide Children's Hospital",
      "submitter_id": "196472",
    },
    {
      "eval_date": "Feb 06, 2024",
      "interp": "Tier I (Strong) - Diagnostic - supports diagnosis",
      "review": "criteria provided, single submitter",
      "scv": "SCV007104966.1",
      "section": "somatic-clinical-impact",
      "subm_date": "Nov 22, 2025",
      "submitter": "
                                                    Institute for Genomic Medicine (IGM) Clinical Laboratory, Nationwide Children's Hospital",
      "submitter_id": "196472",
    },
    {
      "eval_date": "Jan 20, 2025",
      "interp": "Tier I (Strong) - Diagnostic - supports diagnosis",
      "review": "criteria provided, single submitter",
      "scv": "SCV007104976.1",
      "section": "somatic-clinical-impact",
      "subm_date": "Nov 22, 2025",
      "submitter": "
                                                    Institute for Genomic Medicine (IGM) Clinical Laboratory, Nationwide Children's Hospital",
      "submitter_id": "196472",
    },
    {
      "eval_date": "Mar 24, 2025",
      "interp": "Tier I (Strong) - Diagnostic - supports diagnosis",
      "review": "criteria provided, single submitter",
      "scv": "SCV007104978.1",
      "section": "somatic-clinical-impact",
      "subm_date": "Nov 22, 2025",
      "submitter": "
                                                    Institute for Genomic Medicine (IGM) Clinical Laboratory, Nationwide Children's Hospital",
      "submitter_id": "196472",
    },
    {
      "eval_date": "Jun 13, 2024",
      "interp": "Tier II (Potential) - Diagnostic - supports diagnosis",
      "review": "criteria provided, single submitter",
      "scv": "SCV007105515.1",
      "section": "somatic-clinical-impact",
      "subm_date": "Nov 22, 2025",
      "submitter": "
                                                    Institute for Genomic Medicine (IGM) Clinical Laboratory, Nationwide Children's Hospital",
      "submitter_id": "196472",
    },
    {
      "eval_date": "Mar 28, 2024",
      "interp": "Tier II (Potential) - Diagnostic - supports diagnosis",
      "review": "criteria provided, single submitter",
      "scv": "SCV007104968.1",
      "section": "somatic-clinical-impact",
      "subm_date": "Nov 22, 2025",
      "submitter": "
                                                    Institute for Genomic Medicine (IGM) Clinical Laboratory, Nationwide Children's Hospital",
      "submitter_id": "196472",
    },
    {
      "eval_date": "May 20, 2024",
      "interp": "Tier II (Potential) - Diagnostic - supports diagnosis",
      "review": "criteria provided, single submitter",
      "scv": "SCV007104969.1",
      "section": "somatic-clinical-impact",
      "subm_date": "Nov 22, 2025",
      "submitter": "
                                                    Institute for Genomic Medicine (IGM) Clinical Laboratory, Nationwide Children's Hospital",
      "submitter_id": "196472",
    },
    {
      "eval_date": "Mar 04, 2025",
      "interp": "Oncogenic",
      "review": "criteria provided, single submitter",
      "scv": "SCV005094176.2",
      "section": "somatic-oncogenicity",
      "subm_date": "Mar 11, 2025",
      "submitter": "
                                                Center for Genomic Medicine, Rigshospitalet, Copenhagen University Hospital
                                            ",
      "submitter_id": "505691",
    },
  ],
  "variation_id": "73058",
  "vcv": "VCV000073058.49",
  "vcv_eval_date": "Apr 22, 2025",
  "vcv_interp": "Conflicting classifications of pathogenicity",
  "vcv_most_recent": "Jul 27, 2026",
  "vcv_review": "criteria provided, conflicting classifications",
}
`;
